// Jest Snapshot v1, https://goo.gl/fbAQLP

exports[`Component: Ideas renders correctly 1`] = `
ShallowWrapper {
  "length": 1,
  Symbol(enzyme.__root__): [Circular],
  Symbol(enzyme.__unrendered__): <Ideas
    ideasList={
        Array [
            Object {
              "body": "This is a test",
              "id": "123ABC",
              "title": "Test title",
            },
          ]
    }
/>,
  Symbol(enzyme.__renderer__): Object {
    "batchedUpdates": [Function],
    "getNode": [Function],
    "render": [Function],
    "simulateEvent": [Function],
    "unmount": [Function],
  },
  Symbol(enzyme.__node__): Object {
    "instance": null,
    "key": undefined,
    "nodeType": "host",
    "props": Object {
      "children": Array [
        <li
          className="idea"
>
          <EditableIdea
                    edit={undefined}
                    editIdea={undefined}
                    editedIdea={undefined}
                    focusedIdea={undefined}
                    idea={
                              Object {
                                        "body": "This is a test",
                                        "id": "123ABC",
                                        "title": "Test title",
                                      }
                    }
                    updateIdea={undefined}
                    updateInput={undefined}
          />
</li>,
      ],
    },
    "ref": null,
    "rendered": Array [
      Object {
        "instance": null,
        "key": "123ABC",
        "nodeType": "host",
        "props": Object {
          "children": <EditableIdea
            edit={undefined}
            editIdea={undefined}
            editedIdea={undefined}
            focusedIdea={undefined}
            idea={
                        Object {
                                    "body": "This is a test",
                                    "id": "123ABC",
                                    "title": "Test title",
                                  }
            }
            updateIdea={undefined}
            updateInput={undefined}
/>,
          "className": "idea",
        },
        "ref": null,
        "rendered": Object {
          "instance": null,
          "key": undefined,
          "nodeType": "function",
          "props": Object {
            "edit": undefined,
            "editIdea": undefined,
            "editedIdea": undefined,
            "focusedIdea": undefined,
            "idea": Object {
              "body": "This is a test",
              "id": "123ABC",
              "title": "Test title",
            },
            "updateIdea": undefined,
            "updateInput": undefined,
          },
          "ref": null,
          "rendered": null,
          "type": [Function],
        },
        "type": "li",
      },
    ],
    "type": "ul",
  },
  Symbol(enzyme.__nodes__): Array [
    Object {
      "instance": null,
      "key": undefined,
      "nodeType": "host",
      "props": Object {
        "children": Array [
          <li
            className="idea"
>
            <EditableIdea
                        edit={undefined}
                        editIdea={undefined}
                        editedIdea={undefined}
                        focusedIdea={undefined}
                        idea={
                                    Object {
                                                "body": "This is a test",
                                                "id": "123ABC",
                                                "title": "Test title",
                                              }
                        }
                        updateIdea={undefined}
                        updateInput={undefined}
            />
</li>,
        ],
      },
      "ref": null,
      "rendered": Array [
        Object {
          "instance": null,
          "key": "123ABC",
          "nodeType": "host",
          "props": Object {
            "children": <EditableIdea
              edit={undefined}
              editIdea={undefined}
              editedIdea={undefined}
              focusedIdea={undefined}
              idea={
                            Object {
                                          "body": "This is a test",
                                          "id": "123ABC",
                                          "title": "Test title",
                                        }
              }
              updateIdea={undefined}
              updateInput={undefined}
/>,
            "className": "idea",
          },
          "ref": null,
          "rendered": Object {
            "instance": null,
            "key": undefined,
            "nodeType": "function",
            "props": Object {
              "edit": undefined,
              "editIdea": undefined,
              "editedIdea": undefined,
              "focusedIdea": undefined,
              "idea": Object {
                "body": "This is a test",
                "id": "123ABC",
                "title": "Test title",
              },
              "updateIdea": undefined,
              "updateInput": undefined,
            },
            "ref": null,
            "rendered": null,
            "type": [Function],
          },
          "type": "li",
        },
      ],
      "type": "ul",
    },
  ],
  Symbol(enzyme.__options__): Object {
    "adapter": ReactSixteenAdapter {
      "options": Object {
        "enableComponentDidUpdateOnSetState": true,
      },
    },
  },
}
`;
